// Jest Snapshot v1, https://goo.gl/fbAQLP

exports[`Testing Student component Testing snapshot 1`] = `
<div
  className="student-container"
>
  <h2
    className="title"
  >
    Students place in here
  </h2>
  <div
    className="ui card student"
    onClick={[Function]}
  >
    <div
      className="image"
    >
      <img
        src="student-stub.png"
      />
    </div>
    <div
      className="content"
    >
      <div
        className="header"
      >
         
      </div>
    </div>
    <div
      className="extra content"
    >
      <div>
        SSN: 
      </div>
      <div>
        BirthDate: 
        Invalid Date
      </div>
    </div>
  </div>
  <button
    className="student_grades"
    onClick={[Function]}
    type="button"
  >
    show grades
  </button>
</div>
`;
