// Jest Snapshot v1, https://goo.gl/fbAQLP

exports[`Testing Topic component Testing snapshot 1`] = `
<div
  className="Topic-container contentContainer"
>
  <h3
    className="contentHeader"
  >
    <i
      aria-hidden="true"
      className="braille small icon"
      onClick={[Function]}
    />
    
     topics:
  </h3>
  <button
    className="ui button ui vk button"
    onClick={[Function]}
  >
    <i
      aria-hidden="true"
      className="plus icon"
      onClick={[Function]}
    />
    Add topic
  </button>
  <table
    className="ui celled table"
  >
    <thead
      className=""
    >
      <tr
        className=""
      >
        <th
          className="left aligned"
        >
          #
        </th>
        <th
          className="left aligned"
        >
          Title
        </th>
        <th
          className="left aligned"
        >
          Description
        </th>
        <th
          className="left aligned"
        >
          Date
        </th>
        <th
          className="left aligned"
        >
          Actions
        </th>
      </tr>
    </thead>
    <tbody
      className=""
    />
  </table>
</div>
`;
